"blank"					"=========================="
"blank"					"#Phoenix_Controls"
"blank"					"=========================="
"yes"					"#Phoenix_VoteYes"
"no"					"#Phoenix_VoteNo"
"changeteam"				"#Valve_Change_Team"
"+commandmenu"				"#Phoenix_Cmd"
"dropitems"				"#Phoenix_Drop"
"say %l"				"#Phoenix_Callout"
"blank"					"=========================="
"blank"					"#Valve_Movement_Title"
"blank"					"=========================="
"+forward"				"#Valve_Move_Forward"
"+back"					"#Valve_Move_Back"
"+left"					"#Valve_Turn_Left"
"+right"				"#Valve_Turn_Right"
"+moveleft"				"#Valve_Move_Left"
"+moveright"				"#Valve_Move_Right"
"+jump"					"#Valve_Jump"
"+duck"					"#Valve_Duck"
"+moveup"				"#Valve_Swim_Up"
"+movedown"				"#Valve_Swim_Down"
"+lookup"				"#Valve_Look_Up"
"+lookdown"				"#Valve_Look_Down"
"force_centerview"			"#Valve_Look_Straight_Ahead"
"+strafe"				"#Valve_Strafe_Modifier"
"+mlook"				"#Valve_Mouse_Look_Modifier"
"+klook"				"#Valve_Keyboard_Look_Modifier"
"+use"					"#Valve_Use_Items"
"blank"					"=========================="
"blank"					"#Valve_Communication_Title"
"blank"					"=========================="
"+voicerecord"				"#Valve_Use_Voice_Communication"
"messagemode"				"#Valve_Chat_Message"
"messagemode2"				"#Valve_Team_Message"
"blank"					"=========================="
"blank"					"#Valve_Combat_Title"
"blank"					"=========================="
"+attack"				"#Valve_Primary_Attack"
"+attack2"				"#Valve_Secondary_Attack"
"+reload"				"#Valve_Reload_Weapon"
"+speed"				"#Valve_Walk"
"impulse 100"				"#Valve_Flashlight"
"impulse 201"				"#Valve_Spray_Logo"
"slot1"					"#Valve_Weapon_Category_1"
"slot2"					"#Valve_Weapon_Category_2"
"slot3" 				"#Valve_Weapon_Category_3"
"slot4"					"#Valve_Weapon_Category_4"
"slot5"					"#Valve_Weapon_Category_5"
"slot6"					"#Valve_Weapon_Category_6"
"slot7"					"#Valve_Weapon_Category_7"
"invprev"				"#Valve_Previous_Weapon"
"invnext"				"#Valve_Next_Weapon"
"lastinv"				"#Valve_Last_Weapon_Used"
"blank"					"=========================="
"blank"					"#Valve_Miscellaneous_Title"
"blank"					"=========================="
"+showscores"				"#Valve_Display_Scores"
"snapshot"				"#Valve_Take_Screen_Shot"
"agrecord"				"#Phoenix_DemoStart"
"stop"					"#Phoenix_DemoStop"
"hudon"					"#Phoenix_HudOn"
"hudoff"					"#Phoenix_HudOff"
"pause"					"#Valve_Pause_Game"
"quit"					"#Valve_Quit_Game"
"blank"					"=========================="
"blank"					"QUICK WEAPON BINDS"
"blank"					"=========================="
"use weapon_crowbar"			"Crowbar"
"use weapon_pipewrench"			"Pipe Wrench"
"use weapon_knife"			"Knife"
"use weapon_grapple"			"Barnacle"
"use weapon_9mmhandgun"			"9mm Handgun"
"use weapon_357"			".357 Magnum"
"use weapon_eagle"			"Desert Eagle"
"use weapon_9mmAR"			"MP5"
"use weapon_shotgun"			"Shotgun"
"use weapon_crossbow"			"Crossbow"
"use weapon_rpg"			"RPG"
"use weapon_gauss"			"Tau Cannon"
"use weapon_egon"			"Gluon Gun"
"use weapon_hornetgun"			"Hivehand"
"use weapon_handgrenade"		"Grenades"
"use weapon_satchel"			"Satchel Charges"
"use weapon_tripmine"			"Tripmines"
"use weapon_snark"			"Snarks"
"use weapon_penguin"			"Penguins"
"use weapon_m249"			"M249"
"use weapon_displacer"			"Displacer"
"use weapon_sniperrifle"		"Sniper Rifle"
"use weapon_sporelauncher"		"Spore Launcher"
"use weapon_shockrifle"			"Shock Roach"